size
0
print
  0: [empty]
  1: [empty]
  2: [empty]
  3: [empty]
  4: [empty]
  5: [empty]
  6: [empty]
  7: [empty]
  8: [empty]
  9: [empty]
 10: [empty]
 11: [empty]
 12: [empty]
 13: [empty]
 14: [empty]
 15: [empty]
insert ZmtApk Muvrulea Andrethi
insert IsXEVr Beldrose Moren
hash_code IsXEVr
15
insert 7RkfJJdx Dralcea Uvalen
insert A4qDVn5 Rilver Arethan
insert IxyX Sedrane Randas
insert zMeSm Lliros Othril
size
6
insert bVWG Nevon Carvaren
extract IsXEVr
Beldrose Moren
bucket_count
16
extract 7RkfJJdx
Dralcea Uvalen
bucket_count
16
extract zMeSm
Lliros Othril
insert Ubzg Nilas Girando
insert LmquVj Balyn Elarven
insert 1iQV Medila Dralor
hash_code bVWG
13
insert Jfg6Kp Urven Alam
empty
false
insert wGwmM Tarani Salmyn
print
  0: ZmtApk -> Muvrulea Andrethi
  1: LmquVj -> Balyn Elarven
  2: Jfg6Kp -> Urven Alam
  3: 1iQV -> Medila Dralor
     └R: A4qDVn5 -> Rilver Arethan
  4: wGwmM -> Tarani Salmyn
  5: [empty]
  6: [empty]
  7: [empty]
  8: [empty]
  9: IxyX -> Sedrane Randas
 10: [empty]
 11: [empty]
 12: [empty]
 13: bVWG -> Nevon Carvaren
 14: Ubzg -> Nilas Girando
 15: [empty]
extract bVWG
Nevon Carvaren
insert vYzW Raryn Baro
insert PxM1CiS6 Alvan Milar
insert ZE6QxbpS Narile Avel
print
  0: ZmtApk -> Muvrulea Andrethi
  1: ZE6QxbpS -> Narile Avel
     └L: LmquVj -> Balyn Elarven
  2: Jfg6Kp -> Urven Alam
  3: vYzW -> Raryn Baro
     └L: A4qDVn5 -> Rilver Arethan
      └L: 1iQV -> Medila Dralor
  4: wGwmM -> Tarani Salmyn
  5: [empty]
  6: [empty]
  7: [empty]
  8: [empty]
  9: IxyX -> Sedrane Randas
 10: [empty]
 11: PxM1CiS6 -> Alvan Milar
 12: [empty]
 13: [empty]
 14: Ubzg -> Nilas Girando
 15: [empty]
empty
false
insert DdupGpwd Bolvus Mencele
insert LGDly Dulnea Llando
print
  0: ZmtApk -> Muvrulea Andrethi
  1: ZE6QxbpS -> Narile Avel
     └L: LmquVj -> Balyn Elarven
  2: Jfg6Kp -> Urven Alam
  3: vYzW -> Raryn Baro
     └L: A4qDVn5 -> Rilver Arethan
      └L: 1iQV -> Medila Dralor
  4: wGwmM -> Tarani Salmyn
  5: DdupGpwd -> Bolvus Mencele
  6: [empty]
  7: LGDly -> Dulnea Llando
  8: [empty]
  9: IxyX -> Sedrane Randas
 10: [empty]
 11: PxM1CiS6 -> Alvan Milar
 12: [empty]
 13: [empty]
 14: Ubzg -> Nilas Girando
 15: [empty]
peek 1iQV
Medila Dralor
size
13
empty
false
insert PcMb1 Gamin Llando
peek ZmtApk
Muvrulea Andrethi
insert zugEQI Darvam Dalomo
peek DdupGpwd
Bolvus Mencele
extract 1iQV
Medila Dralor
insert MCiqEOQD Tandasea Velendas
bucket_count
16
insert GfdQ5P Rovone Falavel
insert JzXxeyT Rolasa Nethalen
size
17
print
  0: ZmtApk -> Muvrulea Andrethi
  1: PcMb1 -> Gamin Llando
     ├L: LmquVj -> Balyn Elarven
     └R: ZE6QxbpS -> Narile Avel
  2: GfdQ5P -> Rovone Falavel
     └R: Jfg6Kp -> Urven Alam
  3: A4qDVn5 -> Rilver Arethan
     └R: vYzW -> Raryn Baro
  4: wGwmM -> Tarani Salmyn
  5: MCiqEOQD -> Tandasea Velendas
     └L: DdupGpwd -> Bolvus Mencele
  6: [empty]
  7: LGDly -> Dulnea Llando
  8: [empty]
  9: IxyX -> Sedrane Randas
 10: [empty]
 11: PxM1CiS6 -> Alvan Milar
 12: [empty]
 13: JzXxeyT -> Rolasa Nethalen
 14: zugEQI -> Darvam Dalomo
     └L: Ubzg -> Nilas Girando
 15: [empty]
peek GfdQ5P
Rovone Falavel
insert yl7va Thovasi Tharyon
print
  0: ZmtApk -> Muvrulea Andrethi
  1: PcMb1 -> Gamin Llando
     ├L: LmquVj -> Balyn Elarven
     └R: ZE6QxbpS -> Narile Avel
  2: GfdQ5P -> Rovone Falavel
     └R: Jfg6Kp -> Urven Alam
  3: yl7va -> Thovasi Tharyon
     └L: vYzW -> Raryn Baro
      └L: A4qDVn5 -> Rilver Arethan
  4: wGwmM -> Tarani Salmyn
  5: MCiqEOQD -> Tandasea Velendas
     └L: DdupGpwd -> Bolvus Mencele
  6: [empty]
  7: LGDly -> Dulnea Llando
  8: [empty]
  9: IxyX -> Sedrane Randas
 10: [empty]
 11: PxM1CiS6 -> Alvan Milar
 12: [empty]
 13: JzXxeyT -> Rolasa Nethalen
 14: zugEQI -> Darvam Dalomo
     └L: Ubzg -> Nilas Girando
 15: [empty]
insert kH5o7 Galas Hlaano
insert 61tA Trelam Beni
peek DdupGpwd
Bolvus Mencele
peek LGDly
Dulnea Llando
print
  0: ZmtApk -> Muvrulea Andrethi
  1: PcMb1 -> Gamin Llando
     ├L: LmquVj -> Balyn Elarven
     └R: ZE6QxbpS -> Narile Avel
  2: GfdQ5P -> Rovone Falavel
     └R: Jfg6Kp -> Urven Alam
  3: yl7va -> Thovasi Tharyon
     └L: vYzW -> Raryn Baro
      └L: A4qDVn5 -> Rilver Arethan
  4: kH5o7 -> Galas Hlaano
     └R: wGwmM -> Tarani Salmyn
  5: DdupGpwd -> Bolvus Mencele
     └R: MCiqEOQD -> Tandasea Velendas
  6: [empty]
  7: LGDly -> Dulnea Llando
  8: [empty]
  9: IxyX -> Sedrane Randas
 10: 61tA -> Trelam Beni
 11: PxM1CiS6 -> Alvan Milar
 12: [empty]
 13: JzXxeyT -> Rolasa Nethalen
 14: zugEQI -> Darvam Dalomo
     └L: Ubzg -> Nilas Girando
 15: [empty]
size
20
insert w4ZAxi4N Llathise Indobar
insert d5fy Nelmil Oril
extract vYzW
Raryn Baro
bucket_count
16
peek LmquVj
Balyn Elarven
extract d5fy
Nelmil Oril
insert w91jk2Dr Fervsea Teneran
bucket_count
16
peek Ubzg
Nilas Girando
bucket_count
16
insert WVLD Llarara Berendas
insert 8vTpqq1X Inera Arethi
print
  0: ZmtApk -> Muvrulea Andrethi
  1: LmquVj -> Balyn Elarven
     └R: PcMb1 -> Gamin Llando
      └R: ZE6QxbpS -> Narile Avel
  2: GfdQ5P -> Rovone Falavel
     └R: Jfg6Kp -> Urven Alam
  3: yl7va -> Thovasi Tharyon
     └L: A4qDVn5 -> Rilver Arethan
  4: kH5o7 -> Galas Hlaano
     └R: wGwmM -> Tarani Salmyn
  5: DdupGpwd -> Bolvus Mencele
     └R: MCiqEOQD -> Tandasea Velendas
  6: [empty]
  7: w91jk2Dr -> Fervsea Teneran
     └L: LGDly -> Dulnea Llando
  8: [empty]
  9: IxyX -> Sedrane Randas
 10: 8vTpqq1X -> Inera Arethi
     ├L: 61tA -> Trelam Beni
     └R: w4ZAxi4N -> Llathise Indobar
 11: PxM1CiS6 -> Alvan Milar
 12: [empty]
 13: JzXxeyT -> Rolasa Nethalen
 14: WVLD -> Llarara Berendas
     ├L: Ubzg -> Nilas Girando
     └R: zugEQI -> Darvam Dalomo
 15: [empty]
extract LGDly
Dulnea Llando
insert 12OHQBo Athesie Androm
insert LLPUG Delmus Bethrimo
peek A4qDVn5
Rilver Arethan
peek Jfg6Kp
Urven Alam
insert XT54ET8 Briras Arys
peek kH5o7
Galas Hlaano
empty
false
insert URd2k Rols Sarethan
insert E96j9 Novrynea Rendo
empty
false
print
  0: ZmtApk -> Muvrulea Andrethi
  1: LmquVj -> Balyn Elarven
     └R: PcMb1 -> Gamin Llando
      └R: ZE6QxbpS -> Narile Avel
  2: XT54ET8 -> Briras Arys
     └L: Jfg6Kp -> Urven Alam
      └L: GfdQ5P -> Rovone Falavel
  3: A4qDVn5 -> Rilver Arethan
     └R: yl7va -> Thovasi Tharyon
  4: kH5o7 -> Galas Hlaano
     └R: wGwmM -> Tarani Salmyn
  5: DdupGpwd -> Bolvus Mencele
     └R: MCiqEOQD -> Tandasea Velendas
  6: LLPUG -> Delmus Bethrimo
  7: E96j9 -> Novrynea Rendo
     ├L: 12OHQBo -> Athesie Androm
     └R: w91jk2Dr -> Fervsea Teneran
  8: [empty]
  9: IxyX -> Sedrane Randas
 10: 8vTpqq1X -> Inera Arethi
     ├L: 61tA -> Trelam Beni
     └R: w4ZAxi4N -> Llathise Indobar
 11: PxM1CiS6 -> Alvan Milar
 12: [empty]
 13: JzXxeyT -> Rolasa Nethalen
 14: WVLD -> Llarara Berendas
     ├L: Ubzg -> Nilas Girando
     └R: zugEQI -> Darvam Dalomo
 15: URd2k -> Rols Sarethan
size
27
peek A4qDVn5
Rilver Arethan
peek GfdQ5P
Rovone Falavel
bucket_count
16
print
  0: ZmtApk -> Muvrulea Andrethi
  1: LmquVj -> Balyn Elarven
     └R: PcMb1 -> Gamin Llando
      └R: ZE6QxbpS -> Narile Avel
  2: GfdQ5P -> Rovone Falavel
     └R: Jfg6Kp -> Urven Alam
      └R: XT54ET8 -> Briras Arys
  3: A4qDVn5 -> Rilver Arethan
     └R: yl7va -> Thovasi Tharyon
  4: kH5o7 -> Galas Hlaano
     └R: wGwmM -> Tarani Salmyn
  5: DdupGpwd -> Bolvus Mencele
     └R: MCiqEOQD -> Tandasea Velendas
  6: LLPUG -> Delmus Bethrimo
  7: E96j9 -> Novrynea Rendo
     ├L: 12OHQBo -> Athesie Androm
     └R: w91jk2Dr -> Fervsea Teneran
  8: [empty]
  9: IxyX -> Sedrane Randas
 10: 8vTpqq1X -> Inera Arethi
     ├L: 61tA -> Trelam Beni
     └R: w4ZAxi4N -> Llathise Indobar
 11: PxM1CiS6 -> Alvan Milar
 12: [empty]
 13: JzXxeyT -> Rolasa Nethalen
 14: WVLD -> Llarara Berendas
     ├L: Ubzg -> Nilas Girando
     └R: zugEQI -> Darvam Dalomo
 15: URd2k -> Rols Sarethan
peek w91jk2Dr
Fervsea Teneran
insert bmvUWS Malven Adas
hash_code w91jk2Dr
7
extract ZmtApk
Muvrulea Andrethi
insert Wvv4Y Gorenea Rothren
insert eloJ Vanel Ramori
size
29
bucket_count
16
extract JzXxeyT
Rolasa Nethalen
insert n5vww Sevisa Romayn
empty
false
insert v5NJ Vivyne Alver
insert w1wH2w Sevilo Thando
empty
false
bucket_count
16
print
  0: [empty]
  1: LmquVj -> Balyn Elarven
     └R: PcMb1 -> Gamin Llando
      └R: ZE6QxbpS -> Narile Avel
  2: GfdQ5P -> Rovone Falavel
     └R: Jfg6Kp -> Urven Alam
      └R: XT54ET8 -> Briras Arys
  3: w1wH2w -> Sevilo Thando
     ├L: Wvv4Y -> Gorenea Rothren
     │└L: A4qDVn5 -> Rilver Arethan
     └R: yl7va -> Thovasi Tharyon
  4: eloJ -> Vanel Ramori
     └R: kH5o7 -> Galas Hlaano
      └R: wGwmM -> Tarani Salmyn
  5: DdupGpwd -> Bolvus Mencele
     └R: MCiqEOQD -> Tandasea Velendas
  6: v5NJ -> Vivyne Alver
     └L: LLPUG -> Delmus Bethrimo
  7: bmvUWS -> Malven Adas
     ├L: E96j9 -> Novrynea Rendo
     │└L: 12OHQBo -> Athesie Androm
     └R: w91jk2Dr -> Fervsea Teneran
  8: n5vww -> Sevisa Romayn
  9: IxyX -> Sedrane Randas
 10: 8vTpqq1X -> Inera Arethi
     ├L: 61tA -> Trelam Beni
     └R: w4ZAxi4N -> Llathise Indobar
 11: PxM1CiS6 -> Alvan Milar
 12: [empty]
 13: [empty]
 14: WVLD -> Llarara Berendas
     ├L: Ubzg -> Nilas Girando
     └R: zugEQI -> Darvam Dalomo
 15: URd2k -> Rols Sarethan
hash_code 61tA
10
insert 4Dv2W8 Dranos Barus
insert VVXTMVh Telis Vando
insert tFNVPZ Aren Relarys
peek w91jk2Dr
Fervsea Teneran
bucket_count
16
extract wGwmM
Tarani Salmyn
insert FcxBr Felara Ules
insert hOojAwG Dulnea Maren
insert LvgnN Mevrenea Thilandas
print
  0: FcxBr -> Felara Ules
     └R: tFNVPZ -> Aren Relarys
  1: VVXTMVh -> Telis Vando
     ├L: LmquVj -> Balyn Elarven
     │└R: PcMb1 -> Gamin Llando
     └R: ZE6QxbpS -> Narile Avel
  2: GfdQ5P -> Rovone Falavel
     └R: Jfg6Kp -> Urven Alam
      └R: XT54ET8 -> Briras Arys
  3: w1wH2w -> Sevilo Thando
     ├L: Wvv4Y -> Gorenea Rothren
     │└L: A4qDVn5 -> Rilver Arethan
     └R: yl7va -> Thovasi Tharyon
  4: hOojAwG -> Dulnea Maren
     ├L: eloJ -> Vanel Ramori
     └R: kH5o7 -> Galas Hlaano
  5: DdupGpwd -> Bolvus Mencele
     └R: MCiqEOQD -> Tandasea Velendas
  6: v5NJ -> Vivyne Alver
     └L: LLPUG -> Delmus Bethrimo
  7: w91jk2Dr -> Fervsea Teneran
     └L: bmvUWS -> Malven Adas
      └L: 4Dv2W8 -> Dranos Barus
       ├L: 12OHQBo -> Athesie Androm
       └R: E96j9 -> Novrynea Rendo
  8: n5vww -> Sevisa Romayn
  9: IxyX -> Sedrane Randas
 10: 8vTpqq1X -> Inera Arethi
     ├L: 61tA -> Trelam Beni
     └R: w4ZAxi4N -> Llathise Indobar
 11: PxM1CiS6 -> Alvan Milar
 12: [empty]
 13: [empty]
 14: WVLD -> Llarara Berendas
     ├L: Ubzg -> Nilas Girando
     └R: zugEQI -> Darvam Dalomo
 15: LvgnN -> Mevrenea Thilandas
     └R: URd2k -> Rols Sarethan
extract bmvUWS
Malven Adas
bucket_count
16
empty
false
peek w91jk2Dr
Fervsea Teneran
insert rR8qbNx Dralisi Terano
size
36
extract eloJ
Vanel Ramori
empty
false
bucket_count
16
empty
false
quit
