insert xn3ZpHY krfKnkt
peek xn3ZpHY
krfKnkt
size
1
peek xn3ZpHY
krfKnkt
bucket_count
15
insert XgO6U8g 63Fcpz
insert 8m0e6 GNybbzT
insert geuqYFr4 6SPpzr2P
print
  0: [empty]
  1: [empty]
  2: [empty]
  3: [empty]
  4: [empty]
  5: [empty]
  6: (6) geuqYFr4 -> 6SPpzr2P
  7: (7) 8m0e6 -> GNybbzT
  8: [empty]
  9: (9) xn3ZpHY -> krfKnkt
 10: [empty]
 11: [empty]
 12: (12) XgO6U8g -> 63Fcpz
 13: [empty]
 14: [empty]
insert gp9XU5b EGgwgbT1
extract xn3ZpHY
krfKnkt
size
4
resize 4
extract XgO6U8g
63Fcpz
hash_code 8m0e6
2
extract gp9XU5b
EGgwgbT1
print
  0: (0) geuqYFr4 -> 6SPpzr2P
  1: [empty]
  2: (2) 8m0e6 -> GNybbzT
  3: [empty]
empty
false
insert CYXtB9Jf qMmc
insert LPPBeXu qq2k
hash_code LPPBeXu
0
print
  0: (0) geuqYFr4 -> 6SPpzr2P
  1: (0) CYXtB9Jf -> qMmc
  2: (2) 8m0e6 -> GNybbzT
  3: (0) LPPBeXu -> qq2k
bucket_count
4
peek CYXtB9Jf
qMmc
insert pf5gbJ LEPt8xr
print
  0: (0) geuqYFr4 -> 6SPpzr2P
  1: (0) CYXtB9Jf -> qMmc
  2: (2) pf5gbJ -> LEPt8xr
  3: [empty]
  4: (4) LPPBeXu -> qq2k
  5: [empty]
  6: (6) 8m0e6 -> GNybbzT
  7: [empty]
extract pf5gbJ
LEPt8xr
insert 0KqfQc1F AEmLgK
insert ySc7j HAV3jNER
peek 8m0e6
GNybbzT
insert 60S9rh kUct
size
7
quit
